// Jest Snapshot v1, https://goo.gl/fbAQLP

exports[`Given a Modal component When rendered Then it should render correctly 1`] = `
<View>
  <View
    style={
      Object {
        "backgroundColor": "rgb(247, 199, 48)",
        "height": 30,
        "left": 20,
        "position": "absolute",
        "top": -5,
        "transform": Array [
          Object {
            "rotate": "45deg",
          },
        ],
        "width": 30,
      }
    }
  />
  <Text
    style={
      Object {
        "backgroundColor": "rgb(247, 199, 48)",
        "borderRadius": 10,
        "height": 50,
        "padding": 5,
        "width": 240,
      }
    }
  >
    I"m a modal
  </Text>
</View>
`;
